搜尋 "掃地機器人" | 顯示 1 / 100 筆 | 第 1 頁 | 已掃描 1 頁 | 排序=relevance
  # | 價格  | 評價 | 評價數 | 24h | 數量 |  品牌  |           名稱            |     商品 ID
 ---|-------|------|--------|-----|------|--------|---------------------------|------------------
  1 | 6,999 |  4.9 |     33 | Y   |   20 | Xiaomi | 小米 Xiaomi 掃拖機器人H40 | DMBL53-A900JDNJS
